Microsoft Windows [Version 10.0.19042.1706]
(c) Microsoft Corporation. All rights reserved.

C:\Users\Anonymous-A>mysql -u root-p
ERROR 1045 (28000): Access denied for user 'root-p'@'localhost' (using password: NO)

C:\Users\Anonymous-A>mysql -u root -p
Enter password: ***********
ERROR 1045 (28000): Access denied for user 'root'@'localhost' (using password: YES)

C:\Users\Anonymous-A>mysql -u root -p
Enter password: ***********
Welcome to the MySQL monitor.  Commands end with ; or \g.
Your MySQL connection id is 23
Server version: 5.1.73-community MySQL Community Server (GPL)

Copyright (c) 2000, 2013, Oracle and/or its affiliates. All rights reserved.

Oracle is a registered trademark of Oracle Corporation and/or its
affiliates. Other names may be trademarks of their respective
owners.

Type 'help;' or '\h' for help. Type '\c' to clear the current input statement.

mysql> USE NEWDATABASE;
Database changed
mysql> CREATE DATABASE Student;
Query OK, 1 row affected (0.00 sec)

mysql> use STUDENT;
Database changed
mysql> CREATE TABLE TBLPARENTS(PARENT_ID INT NOT NULL AUTO_INCREMENT,)
    -> PARENT_NAME VARCHAR(50) NOT NULL,
    -> CITY VARCHAR(50) NOT NULL,
    -> AGE INT NOT NULL,
    -> ANNUAL_INCOME INT NOT NULL,
    -> OCCUPATION VARCHAR(50) NOT NULL,
    -> EMAIL_ID VARCHAR(50) NOT NULL,
    -> PRIMARY KEY (PARENT_ID));
ERROR 1064 (42000): You have an error in your SQL syntax; check the manual that corresponds to your MySQL server version for the right syntax to use near ')
PARENT_NAME VARCHAR(50) NOT NULL,
CITY VARCHAR(50) NOT NULL,
AGE INT NOT NULL,' at line 1
mysql> CREATE TABLE TBLPARENTS(
    -> parent_id INT NOT NULL AUTO_INCREMENT,
    ->   parent_name VARCHAR(50) NOT NULL,
    ->   city VARCHAR(50) NOT NULL,
    ->   age INT NOT NULL,
    ->   annual_income INT NOT NULL,
    ->   occupation VARCHAR(50) NOT NULL,
    ->   emailid VARCHAR(50) NOT NULL,
    ->   PRIMARY KEY (parent_id)
    -> );
Query OK, 0 rows affected (0.17 sec)

mysql> INSERT INTO TBLPARENTS (parent_name,city,age,annual_income,occupation,emailid) VALUES(
    -> 'MANISH CHUAHAN', 'MANISH',21, 1000000, 'Developer', 'manish@gmail.com');
Query OK, 1 row affected (0.06 sec)

mysql> INSERT INTO TBLPARENTS (parent_name,city,age,annual_income,occupation,emailid) VALUES(
    -> 'ANIL CHUAHAN', 'Mumbai',21, 1000000, 'Developer', 'anil@gmail.com');
Query OK, 1 row affected (0.05 sec)

mysql> INSERT INTO TBLPARENTS (parent_name,city,age,annual_income,occupation,emailid) VALUES(
    -> 'SATTU', 'Mumbai',24, 500000, 'Developer', 'sattu@gmail.com');
Query OK, 1 row affected (0.05 sec)

mysql> INSERT INTO TBLPARENTS (parent_name,city,age,annual_income,occupation,emailid) VALUES(
    -> 'SANDY', 'Mumbai',41, 55000000, 'Trader', 'sandy@gmail.com');
Query OK, 1 row affected (0.04 sec)

mysql> INSERT INTO TBLPARENTS (parent_name,city,age,annual_income,occupation,emailid) VALUES(
    -> 'MANDY', 'Chennai',23, 100000, 'Driver', 'mandy@gmail.com');
Query OK, 1 row affected (0.05 sec)

mysql> INSERT INTO TBLPARENTS (parent_name,city,age,annual_income,occupation,emailid) VALUES(
    -> 'ANDY', 'Chennai',23, 1000877, 'Businessman', 'andy@gmail.com');
Query OK, 1 row affected (0.05 sec)

mysql> INSERT INTO TBLPARENTS (parent_name,city,age,annual_income,occupation,emailid) VALUES(
    -> 'GARY LEE', 'DELHI',23, 700000, 'Businessman', 'lee@gmail.com');
Query OK, 1 row affected (0.05 sec)

mysql>
mysql> INSERT INTO TBLPARENTS (parent_name,city,age,annual_income,occupation,emailid) VALUES(
    -> 'ROCK LEE', 'DELHI',23, 700000, 'Businessman', 'lee@gmail.com');
Query OK, 1 row affected (0.06 sec)

mysql> INSERT INTO TBLPARENTS (parent_name,city,age,annual_income,occupation,emailid) VALUES(
    -> 'NARUTO', 'DELHI',23, 700000, 'Businessman', 'naruto@gmail.com');
Query OK, 1 row affected (0.05 sec)

mysql>
mysql> INSERT INTO TBLPARENTS (parent_name,city,age,annual_income,occupation,emailid) VALUES(
    -> 'NOH GOJIN', 'MUMBAI',20, 70000000, 'Businessman', 'nogojin@gmail.com');
Query OK, 1 row affected (0.05 sec)

mysql> INSERT INTO TBLPARENTS (parent_name,city,age,annual_income,occupation,emailid) VALUES(
    -> 'KANGTAEMOO', 'MUMBAI',23, 70000000, 'Businessman', 'kaaffds@gmail.com');
Query OK, 1 row affected (0.05 sec)

mysql> INSERT INTO TBLPARENTS (parent_name,city,age,annual_income,occupation,emailid) VALUES(
    -> 'GUY1', 'MUMBAI',23, 70000000, 'Businessman', 'g1@gmail.com');
Query OK, 1 row affected (0.06 sec)

mysql> INSERT INTO TBLPARENTS (parent_name,city,age,annual_income,occupation,emailid) VALUES(
    -> 'GUY2', 'MUMBAI',23, 70000000, 'Businessman', 'g12@gmail.com');
Query OK, 1 row affected (0.05 sec)

mysql> INSERT INTO TBLPARENTS (parent_name,city,age,annual_income,occupation,emailid) VALUES(
    -> 'GUY3', 'MUMBAI',23, 70000000, 'Businessman', 'g123@gmail.com');
Query OK, 1 row affected (0.05 sec)

mysql> INSERT INTO TBLPARENTS (parent_name,city,age,annual_income,occupation,emailid) VALUES(
    -> 'GUY4', 'MUMBAI',23, 70000000, 'Businessman', 'g1234@gmail.com');
Query OK, 1 row affected (0.05 sec)

mysql> INSERT INTO TBLPARENTS (parent_name,city,age,annual_income,occupation,emailid) VALUES(
    -> 'GUY4', 'MUMBAI',23, 70000000, 'Businessman', 'g12345@gmail.com');
Query OK, 1 row affected (0.06 sec)

mysql> INSERT INTO TBLPARENTS (parent_name,city,age,annual_income,occupation,emailid) VALUES(
    -> 'GUY5', 'MUMBAI',23, 70000000, 'Businessman', 'g123466@gmail.com');
Query OK, 1 row affected (0.05 sec)

mysql> INSERT INTO TBLPARENTS (parent_name,city,age,annual_income,occupation,emailid) VALUES(
    -> 'GUY5', 'MUMBAI',23, 70000000, 'Businessman', 'g1234566@gmail.com');
Query OK, 1 row affected (0.05 sec)

mysql> INSERT INTO TBLPARENTS (parent_name,city,age,annual_income,occupation,emailid) VALUES(
    -> 'GUy6', 'MUMBAI',23, 700000, 'Businessman', 'g12346666@gmail.com');
Query OK, 1 row affected (0.06 sec)

mysql> INSERT INTO TBLPARENTS (parent_name,city,age,annual_income,occupation,emailid) VALUES(
    -> 'GUY7', 'MUMBAI',23, 700000, 'Businessman', 'g166@gmail.com');
Query OK, 1 row affected (0.06 sec)

mysql> UPDATE Student.tblParents
    ->
    -> UPDATE TBLPARENTS
    -> SET emailid = 'NA';
ERROR 1064 (42000): You have an error in your SQL syntax; check the manual that corresponds to your MySQL server version for the right syntax to use near 'UPDATE TBLPARENTS
SET emailid = 'NA'' at line 3
mysql> UPDATE TBLPARENTS SET emailid ="NA";
Query OK, 20 rows affected (0.07 sec)
Rows matched: 20  Changed: 20  Warnings: 0

mysql> SELECT * FROM TBLPARENTS;
+-----------+----------------+---------+-----+---------------+-------------+---------+
| parent_id | parent_name    | city    | age | annual_income | occupation  | emailid |
+-----------+----------------+---------+-----+---------------+-------------+---------+
|         1 | MANISH CHUAHAN | MANISH  |  21 |       1000000 | Developer   | NA      |
|         2 | ANIL CHUAHAN   | Mumbai  |  21 |       1000000 | Developer   | NA      |
|         3 | SATTU          | Mumbai  |  24 |        500000 | Developer   | NA      |
|         4 | SANDY          | Mumbai  |  41 |      55000000 | Trader      | NA      |
|         5 | MANDY          | Chennai |  23 |        100000 | Driver      | NA      |
|         6 | ANDY           | Chennai |  23 |       1000877 | Businessman | NA      |
|         7 | GARY LEE       | DELHI   |  23 |        700000 | Businessman | NA      |
|         8 | ROCK LEE       | DELHI   |  23 |        700000 | Businessman | NA      |
|         9 | NARUTO         | DELHI   |  23 |        700000 | Businessman | NA      |
|        10 | NOH GOJIN      | MUMBAI  |  20 |      70000000 | Businessman | NA      |
|        11 | KANGTAEMOO     | MUMBAI  |  23 |      70000000 | Businessman | NA      |
|        12 | GUY1           | MUMBAI  |  23 |      70000000 | Businessman | NA      |
|        13 | GUY2           | MUMBAI  |  23 |      70000000 | Businessman | NA      |
|        14 | GUY3           | MUMBAI  |  23 |      70000000 | Businessman | NA      |
|        15 | GUY4           | MUMBAI  |  23 |      70000000 | Businessman | NA      |
|        16 | GUY4           | MUMBAI  |  23 |      70000000 | Businessman | NA      |
|        17 | GUY5           | MUMBAI  |  23 |      70000000 | Businessman | NA      |
|        18 | GUY5           | MUMBAI  |  23 |      70000000 | Businessman | NA      |
|        19 | GUy6           | MUMBAI  |  23 |        700000 | Businessman | NA      |
|        20 | GUY7           | MUMBAI  |  23 |        700000 | Businessman | NA      |
+-----------+----------------+---------+-----+---------------+-------------+---------+
20 rows in set (0.03 sec)

mysql> SELECT COUNT(*) FROM TBLPARENTS WHERE annual_income > 600000;
+----------+
| COUNT(*) |
+----------+
|       18 |
+----------+
1 row in set (0.03 sec)

mysql> SELECT * FROM TBLPARENTS
    -> WHERE city IN('Ahmedabad', 'Delhi', 'Mumbai', 'Chennai', 'Banglore');
+-----------+--------------+---------+-----+---------------+-------------+---------+
| parent_id | parent_name  | city    | age | annual_income | occupation  | emailid |
+-----------+--------------+---------+-----+---------------+-------------+---------+
|         2 | ANIL CHUAHAN | Mumbai  |  21 |       1000000 | Developer   | NA      |
|         3 | SATTU        | Mumbai  |  24 |        500000 | Developer   | NA      |
|         4 | SANDY        | Mumbai  |  41 |      55000000 | Trader      | NA      |
|         5 | MANDY        | Chennai |  23 |        100000 | Driver      | NA      |
|         6 | ANDY         | Chennai |  23 |       1000877 | Businessman | NA      |
|         7 | GARY LEE     | DELHI   |  23 |        700000 | Businessman | NA      |
|         8 | ROCK LEE     | DELHI   |  23 |        700000 | Businessman | NA      |
|         9 | NARUTO       | DELHI   |  23 |        700000 | Businessman | NA      |
|        10 | NOH GOJIN    | MUMBAI  |  20 |      70000000 | Businessman | NA      |
|        11 | KANGTAEMOO   | MUMBAI  |  23 |      70000000 | Businessman | NA      |
|        12 | GUY1         | MUMBAI  |  23 |      70000000 | Businessman | NA      |
|        13 | GUY2         | MUMBAI  |  23 |      70000000 | Businessman | NA      |
|        14 | GUY3         | MUMBAI  |  23 |      70000000 | Businessman | NA      |
|        15 | GUY4         | MUMBAI  |  23 |      70000000 | Businessman | NA      |
|        16 | GUY4         | MUMBAI  |  23 |      70000000 | Businessman | NA      |
|        17 | GUY5         | MUMBAI  |  23 |      70000000 | Businessman | NA      |
|        18 | GUY5         | MUMBAI  |  23 |      70000000 | Businessman | NA      |
|        19 | GUy6         | MUMBAI  |  23 |        700000 | Businessman | NA      |
|        20 | GUY7         | MUMBAI  |  23 |        700000 | Businessman | NA      |
+-----------+--------------+---------+-----+---------------+-------------+---------+
19 rows in set (0.02 sec)

mysql> SELECT * FROM TBLPARENTS WHERE annual_income < 500000;
+-----------+-------------+---------+-----+---------------+------------+---------+
| parent_id | parent_name | city    | age | annual_income | occupation | emailid |
+-----------+-------------+---------+-----+---------------+------------+---------+
|         5 | MANDY       | Chennai |  23 |        100000 | Driver     | NA      |
+-----------+-------------+---------+-----+---------------+------------+---------+
1 row in set (0.00 sec)

mysql>